[192.168.0.92/index.html]
[gmpg.org/xfn/11.html]
[backblue.gif]
[fade.gif]
[index.html]
[192.168.0.92/index.html]
[192.168.0.92/index.php/feed/index.html]
[fonts.googleapis.com/index.html]
[gmpg.org/xfn/default.css]
[192.168.0.92/index.php/comments/feed/index.html]
[gmpg.org/xfn/.html]
[gmpg.org/xfn/intro.html]
[gmpg.org/xfn/faq.html]
[gmpg.org/xfn/11.html]
[192.168.0.92/wp-includes/css/dist/block-library/style.mine23c.css]
[192.168.0.92/wp-content/themes/mesmerize/style.min7403.css]
[192.168.0.92/wp-content/themes/mesmerize/assets/css/theme.bundle.min7403.css]
[fonts.googleapis.com/index.html]
[192.168.0.92/wp-includes/js/jquery/jquery.min9d52.js]
[192.168.0.92/wp-includes/js/jquery/jquery-migrate.mind617.js]
[192.168.0.92/index.php/wp-json/index.html]
[s.w.org/index.html]
[192.168.0.92/index.php/wp-json/wp/v2/pages/6.json]
[192.168.0.92/xmlrpc0db0.php]
[192.168.0.92/wp-includes/css/dist/block-library/style.mine23c.css]
[192.168.0.92/wp-includes/wlwmanifest.xml]
[192.168.0.92/wp-content/themes/mesmerize/style.min7403.css]
[192.168.0.92/index.php/wp-json/oembed/1.0/embed1bcc.json]
[192.168.0.92/index.php/blog/index.html]
[192.168.0.92/wp-content/themes/mesmerize/assets/css/theme.bundle.min7403.css]
[192.168.0.92/index.php/blog/index.html]
[192.168.0.92/wp-content/plugins/mesmerize-companion/theme-data/mesmerize/sections/images/computer-2569652.jpg]
[192.168.0.92/index.php/sample-page/index.html]
[192.168.0.92/wp-content/plugins/mesmerize-companion/theme-data/mesmerize/sections/images/apple-1838564.jpg]
[192.168.0.92/index.php/sample-page/index.html]
[192.168.0.92/_http_/192.168.0.92/wp-content/themes/mesmerize/assets/images/home_page_header-3.html]
[192.168.0.92/wp-content/plugins/mesmerize-companion/theme-data/mesmerize/sections/images/team-1.jpg]
[192.168.0.92/wp-content/plugins/mesmerize-companion/theme-data/mesmerize/sections/images/team-5.jpg]
[192.168.0.92/wp-content/plugins/mesmerize-companion/theme-data/mesmerize/sections/images/laptop-2559795.jpg]
[192.168.0.92/wp-content/plugins/mesmerize-companion/theme-data/mesmerize/sections/images/team-2.jpg]
[192.168.0.92/wp-content/plugins/mesmerize-companion/theme-data/mesmerize/sections/images/team-3.jpg]
[192.168.0.92/wp-content/plugins/mesmerize-companion/theme-data/mesmerize/sections/images/team-6.jpg]
[192.168.0.92/wp-content/plugins/mesmerize-companion/theme-data/mesmerize/sections/images/team-7.jpg]
[192.168.0.92/wp-content/plugins/mesmerize-companion/theme-data/mesmerize/sections/images/team-8.jpg]
[192.168.0.92/index.php/2020/12/22/hello-world/index.html]
[192.168.0.92/wp-content/plugins/mesmerize-companion/theme-data/mesmerize/assets/js/companion.bundle.min90f5.js]
[192.168.0.92/wp-includes/js/imagesloaded.mineda1.js]
[1.gravatar.com/avatar/d7a973c7dab26985da5f961be7b744804b34.png]
[192.168.0.92/index.php/2020/12/22/hello-world/index.html]
[192.168.0.92/wp-includes/js/masonry.min3a05.js]
[192.168.0.92/wp-content/themes/mesmerize/assets/js/theme.bundle.min7403.js]
[192.168.0.92/wp-includes/js/wp-embed.mine23c.js]
[gmpg.org/xfn/default.css]
[gmpg.org/xfn/.html]
[192.168.0.92/wp-content/themes/mesmerize/assets/fonts/fontawesome-webfont3e6e.eot]
[192.168.0.92/wp-content/themes/mesmerize/assets/fonts/fontawesome-webfontd41d.eot]
[192.168.0.92/wp-content/themes/mesmerize/assets/fonts/fontawesome-webfont3e6e.woff]
[gmpg.org/xfn/intro.html]
[gmpg.org/xfn/faq.html]
[192.168.0.92/wp-content/themes/mesmerize/assets/fonts/fontawesome-webfont3e6e.html]
[192.168.0.92/wp-content/themes/mesmerize/assets/images/header-shapes/circles.png]
[192.168.0.92/wp-content/themes/mesmerize/assets/fonts/fontawesome-webfont3e6e.ttf]
[192.168.0.92/wp-content/themes/mesmerize/assets/fonts/fontawesome-webfont3e6e.svg]
[192.168.0.92/index.php/2020/12/index.html]
[192.168.0.92/index.php/2020/12/index.html]
[192.168.0.92/index.php/category/uncategorized/index.html]
[192.168.0.92/wp-login.html]
[192.168.0.92/index.php/wp-json/wp/v2/categories/1.json]
[192.168.0.92/index.php/category/uncategorized/index.html]
[192.168.0.92/wp-login.html]
[192.168.0.92/index.php/sample-page/feed/index.html]
[192.168.0.92/index.php/wp-json/wp/v2/pages/2.json]
[192.168.0.92/index.php/wp-json/oembed/1.0/embed3280.json]
[192.168.0.92/index905b.html]
[192.168.0.92/xmlrpc.php]
[192.168.0.92/index.php/2020/12/22/hello-world/feed/index.html]
[192.168.0.92/wp-admin/index.html]
[192.168.0.92/index.php/wp-json/wp/v2/posts/1.json]
[192.168.0.92/index.php/wp-json/oembed/1.0/embed3b04.json]
[192.168.0.92/indexcff1.html]
[192.168.0.92/index.php/author/aasolutions/index.html]
[192.168.0.92/index.php/author/aasolutions/index.html]
[192.168.0.92/index.php/2020/12/22/hello-world/index6809.html]
[192.168.0.92/wp-includes/js/comment-reply.mine23c.js]
[192.168.0.92/index.php/category/uncategorized/feed/index.html]
[192.168.0.92/index.php/2020/12/22/hello-world/index6809.html]
[192.168.0.92/wp-includes/css/dashicons.mine23c.css]
[192.168.0.92/wp-includes/css/buttons.mine23c.css]
[192.168.0.92/wp-admin/css/forms.mine23c.css]
[192.168.0.92/wp-includes/css/dashicons.mine23c.css]
[192.168.0.92/wp-admin/css/l10n.mine23c.css]
[192.168.0.92/wp-includes/css/buttons.mine23c.css]
[192.168.0.92/wp-admin/css/login.mine23c.css]
[192.168.0.92/wp-admin/css/forms.mine23c.css]
[192.168.0.92/wp-loginc2b6.html]
[192.168.0.92/wp-admin/css/l10n.mine23c.css]
[192.168.0.92/wp-includes/js/zxcvbn-async.min5152.js]
[192.168.0.92/wp-includes/js/dist/vendor/wp-polyfill.min89b1.js]
[192.168.0.92/wp-admin/css/login.mine23c.css]
[192.168.0.92/wp-loginc2b6.html]
[192.168.0.92/wp-includes/js/dist/vendor/wp-polyfill-node-contains.min2e00.js]
[192.168.0.92/wp-includes/js/dist/vendor/wp-polyfill-fetch.min6e0e.js]
[192.168.0.92/wp-includes/js/dist/vendor/wp-polyfill-dom-rect.min2e00.js]
[192.168.0.92/wp-includes/js/dist/vendor/wp-polyfill-formdata.mine9bd.js]
[192.168.0.92/wp-includes/js/dist/vendor/wp-polyfill-element-closest.min4c56.js]
[192.168.0.92/wp-includes/js/dist/vendor/wp-polyfill-url.min5aed.js]
[192.168.0.92/wp-includes/js/dist/vendor/wp-polyfill-object-fit.min531b.js]
[192.168.0.92/wp-includes/js/dist/hooks.minf521.js]
[192.168.0.92/wp-includes/js/dist/i18n.min87d6.js]
[192.168.0.92/wp-admin/js/password-strength-meter.mine23c.js]
[192.168.0.92/wp-includes/js/wp-util.mine23c.js]
[192.168.0.92/wp-includes/js/underscore.min4511.js]
[192.168.0.92/wp-admin/js/user-profile.mine23c.js]
[192.168.0.92/wp-logincb5c.html]
[192.168.0.92/wp-logincb5c.html]
[192.168.0.92/index.php/author/aasolutions/feed/index.html]
[192.168.0.92/wp-includes/fonts/dashicons7d4b.eot]
[192.168.0.92/wp-includes/fonts/dashicons7d4b.ttf]
[192.168.0.92/index.php/wp-json/wp/v2/users/1.json]
[192.168.0.92/wp-admin/images/loading.gif]
[192.168.0.92/wp-admin/images/w-logo-blue7a53.png]
[192.168.0.92/wp-admin/images/wordpress-logo7d6b.svg]
